// Jest Snapshot v1, https://goo.gl/fbAQLP

exports[`Footer Snapshot Comprobar la UI del componente Footer 1`] = `
<div
  className="Footer"
>
  <p
    className="Footer-title"
  >
    Store
  </p>
  <p
    className="Footer-copy"
  >
    Â©
  </p>
</div>
`;
